<textarea>abc</textarea>
<textarea>a&amp;b&#34;c</textarea>
<textarea>a&amp;b&#34;c</textarea>
<textarea>true</textarea>
<textarea>&lt;div&gt;test area expected value&lt;/div&gt;</textarea>
<textarea></textarea>
<textarea></textarea>
<textarea></textarea>
<textarea>    </textarea>
<textarea>a
b</textarea>
<textarea>c
d</textarea>
<textarea>e
f</textarea>
<textarea>a&lt;&gt;&lt;/&gt;b`</textarea>